exports[`test renders correctly enzyme 1`] = `
<div>
  <button
    onClick={[Function]}>
    login
  </button>
</div>
`;
